{
  "Entries": [
    {
      "RequestUri": "https://sanitized.skype.com/identities?api-version=2021-03-07",
      "RequestMethod": "POST",
      "RequestHeaders": {
        "Accept": "application/json",
        "Authorization": "Sanitized",
        "Connection": "keep-alive",
        "Content-Length": "2",
        "Content-Type": "application/json",
        "traceparent": "00-c94a9989923145428a15ae08f7b3c031-4674a5e91fd13e48-00",
        "User-Agent": "azsdk-net-Communication.Identity/1.1.0-alpha.20220711.1 (.NET Framework 4.8.4510.0; Microsoft Windows 10.0.19044 )",
        "x-ms-client-request-id": "3bd4d57164ddaf5d81ec8bf55ca61e4f",
        "x-ms-content-sha256": "Sanitized",
        "x-ms-date": "Mon, 11 Jul 2022 23:59:14 GMT",
        "x-ms-return-client-request-id": "true"
      },
      "RequestBody": {},
      "StatusCode": 201,
      "ResponseHeaders": {
        "api-supported-versions": "2020-07-20-preview2, 2021-02-22-preview1, 2021-03-07, 2021-10-31-preview, 2021-11-01, 2022-06-01",
        "Content-Length": "31",
        "Content-Type": "application/json; charset=utf-8",
        "Date": "Mon, 11 Jul 2022 23:59:14 GMT",
        "MS-CV": "uwRC3KvIzk2omWt8XF8eQA.0",
        "Request-Context": "appId=",
        "Strict-Transport-Security": "max-age=2592000",
        "X-Azure-Ref": "0U7nMYgAAAAAbDQmis/5sRYirJe7TFXz3WVZSMzExMDAwMTE2MDM1ADlmYzdiNTE5LWE4Y2MtNGY4OS05MzVlLWM5MTQ4YWUwOWU4MQ==",
        "X-Cache": "CONFIG_NOCACHE",
        "x-ms-client-request-id": "3bd4d57164ddaf5d81ec8bf55ca61e4f",
        "X-Processing-Time": "110ms"
      },
      "ResponseBody": {
        "identity": {
          "id": "Sanitized"
        }
      }
    },
    {
      "RequestUri": "https://sanitized.skype.com/calling/callConnections?api-version=2022-04-07-preview",
      "RequestMethod": "POST",
      "RequestHeaders": {
        "Accept": "application/json",
        "Authorization": "Sanitized",
        "Content-Length": "241",
        "Content-Type": "application/json",
        "traceparent": "00-8539ddee838e7643a84dd7f970ed8f95-703e54c4155c0f40-00",
        "User-Agent": "azsdk-net-Communication.CallingServer/1.0.0-alpha.20220711.1 (.NET Framework 4.8.4510.0; Microsoft Windows 10.0.19044 )",
        "X-FORWARDED-HOST": "Sanitized",
        "x-ms-client-request-id": "3a06b4e8d4df050d1a43f13323e3ad32",
        "x-ms-content-sha256": "Sanitized",
        "x-ms-date": "Mon, 11 Jul 2022 23:59:15 GMT",
        "x-ms-return-client-request-id": "true"
      },
      "RequestBody": {
        "targets": [
          {
            "rawId": "Sanitized",
            "communicationUser": {
              "id": "Sanitized"
            }
          }
        ],
        "source": {
          "identifier": {
            "rawId": "Sanitized",
            "communicationUser": {
              "id": "Sanitized"
            }
          }
        },
        "callbackUri": "https://dummy.ngrok.io/api/incident/callback?SecretKey=helloworld"
      },
      "StatusCode": 201,
      "ResponseHeaders": {
        "Content-Length": "319",
        "Content-Type": "application/json; charset=utf-8",
        "Date": "Mon, 11 Jul 2022 23:59:16 GMT",
        "Server": "Microsoft-HTTPAPI/2.0",
        "X-Microsoft-Skype-Chain-ID": "f6eede27-58fe-472c-9704-608cae612697",
        "x-ms-client-request-id": "3a06b4e8d4df050d1a43f13323e3ad32"
      },
      "ResponseBody": {
        "callConnectionId": "431f1200-31d7-4759-9428-6327d39dc661",
        "source": {
          "rawId": "Sanitized",
          "communicationUser": {
            "id": "Sanitized"
          }
        },
        "targets": [
          {
            "rawId": "Sanitized",
            "communicationUser": {
              "id": "Sanitized"
            }
          }
        ],
        "callConnectionState": "connecting",
        "callbackUri": "https://dummy.ngrok.io/api/incident/callback?SecretKey=helloworld"
      }
    },
    {
      "RequestUri": "https://sanitized.skype.com/calling/callConnections/431f1200-31d7-4759-9428-6327d39dc661?api-version=2022-04-07-preview",
      "RequestMethod": "GET",
      "RequestHeaders": {
        "Accept": "application/json",
        "Authorization": "Sanitized",
        "traceparent": "00-12ca8860fc8df04a9c95b844662cb165-e76ce2b564fe0c40-00",
        "User-Agent": "azsdk-net-Communication.CallingServer/1.0.0-alpha.20220711.1 (.NET Framework 4.8.4510.0; Microsoft Windows 10.0.19044 )",
        "X-FORWARDED-HOST": "Sanitized",
        "x-ms-client-request-id": "12df14b13b795f15e84aa722ac19a548",
        "x-ms-content-sha256": "Sanitized",
        "x-ms-date": "Mon, 11 Jul 2022 23:59:25 GMT",
        "x-ms-return-client-request-id": "true"
      },
      "RequestBody": null,
      "StatusCode": 200,
      "ResponseHeaders": {
        "Content-Length": "504",
        "Content-Type": "application/json; charset=utf-8",
        "Date": "Mon, 11 Jul 2022 23:59:26 GMT",
        "Server": "Microsoft-HTTPAPI/2.0",
        "X-Microsoft-Skype-Chain-ID": "f6eede27-58fe-472c-9704-608cae612697",
        "x-ms-client-request-id": "12df14b13b795f15e84aa722ac19a548"
      },
      "ResponseBody": {
        "callConnectionId": "431f1200-31d7-4759-9428-6327d39dc661",
        "serverCallId": "aHR0cHM6Ly9hcGkuZmxpZ2h0cHJveHkuc2t5cGUuY29tL2FwaS92Mi9jcC94LWNvbnYtZXVuby0wMS5jb252LnNreXBlLmNvbS9jb252L1E1OFhnUTZIZlVXZ202LXlGRHBUbUE/aT0xJmU9NjM3OTI5MDM5NTk1Njg5NzM3",
        "source": {
          "rawId": "Sanitized",
          "communicationUser": {
            "id": "Sanitized"
          }
        },
        "targets": [
          {
            "rawId": "Sanitized",
            "communicationUser": {
              "id": "Sanitized"
            }
          }
        ],
        "callConnectionState": "connected",
        "callbackUri": "https://dummy.ngrok.io/api/incident/callback?SecretKey=helloworld"
      }
    },
    {
      "RequestUri": "https://sanitized.skype.com/calling/callConnections/431f1200-31d7-4759-9428-6327d39dc661?api-version=2022-04-07-preview",
      "RequestMethod": "DELETE",
      "RequestHeaders": {
        "Authorization": "Sanitized",
        "User-Agent": "azsdk-net-Communication.CallingServer/1.0.0-alpha.20220711.1 (.NET Framework 4.8.4510.0; Microsoft Windows 10.0.19044 )",
        "X-FORWARDED-HOST": "Sanitized",
        "x-ms-client-request-id": "2d1ad7adc1fb9c46c7cf209a73298b9e",
        "x-ms-content-sha256": "Sanitized",
        "x-ms-date": "Mon, 11 Jul 2022 23:59:26 GMT",
        "x-ms-return-client-request-id": "true"
      },
      "RequestBody": null,
      "StatusCode": 204,
      "ResponseHeaders": {
        "Content-Length": "0",
        "Date": "Mon, 11 Jul 2022 23:59:26 GMT",
        "Server": "Microsoft-HTTPAPI/2.0",
        "X-Microsoft-Skype-Chain-ID": "f6eede27-58fe-472c-9704-608cae612697",
        "x-ms-client-request-id": "2d1ad7adc1fb9c46c7cf209a73298b9e"
      },
      "ResponseBody": null
    },
    {
      "RequestUri": "https://sanitized.skype.com/calling/callConnections/431f1200-31d7-4759-9428-6327d39dc661?api-version=2022-04-07-preview",
      "RequestMethod": "GET",
      "RequestHeaders": {
        "Accept": "application/json",
        "Authorization": "Sanitized",
        "traceparent": "00-afa0728296be684eadb169f11a7ea93a-18821702b3ecfa47-00",
        "User-Agent": "azsdk-net-Communication.CallingServer/1.0.0-alpha.20220711.1 (.NET Framework 4.8.4510.0; Microsoft Windows 10.0.19044 )",
        "X-FORWARDED-HOST": "Sanitized",
        "x-ms-client-request-id": "4843593f0cc6acd69ea751952deb5800",
        "x-ms-content-sha256": "Sanitized",
        "x-ms-date": "Mon, 11 Jul 2022 23:59:36 GMT",
        "x-ms-return-client-request-id": "true"
      },
      "RequestBody": null,
      "StatusCode": 404,
      "ResponseHeaders": {
        "Content-Length": "53",
        "Content-Type": "application/json; charset=utf-8",
        "Date": "Mon, 11 Jul 2022 23:59:36 GMT",
        "Server": "Microsoft-HTTPAPI/2.0",
        "X-Microsoft-Skype-Chain-ID": "6c66d02c-4316-4c98-be09-4b615346190b",
        "x-ms-client-request-id": "4843593f0cc6acd69ea751952deb5800"
      },
      "ResponseBody": {
        "error": {
          "code": "8522",
          "message": "Call not found."
        }
      }
    }
  ],
  "Variables": {
    "COMMUNICATION_LIVETEST_STATIC_CONNECTION_STRING": "endpoint=https://minwoolee-comm2.communication.azure.com/;accesskey=Kg==",
    "PMA_Endpoint": "https://sanitized.com",
    "RandomSeed": "604828978",
    "TARGET_USER_ID": "8:acs:82e890fc-188a-4b67-bb7d-deff073d7d1e_95a3d4a6-abbe-44ad-9f37-b0a72a616d0b"
  }
}
